[2022-10-03T12:14:02.239+0000][0.010s] Using G1
[2022-10-03T12:14:02.466+0000][0.238s] Version: 17.0.4.1+1 (release)
[2022-10-03T12:14:02.468+0000][0.240s] CPUs: 4 total, 4 available
[2022-10-03T12:14:02.469+0000][0.241s] Memory: 7851M
[2022-10-03T12:14:02.470+0000][0.242s] Large Page Support: Disabled
[2022-10-03T12:14:02.471+0000][0.243s] NUMA Support: Disabled
[2022-10-03T12:14:02.472+0000][0.244s] Compressed Oops: Enabled (32-bit)
[2022-10-03T12:14:02.473+0000][0.245s] Heap Region Size: 1M
[2022-10-03T12:14:02.474+0000][0.246s] Heap Min Capacity: 512M
[2022-10-03T12:14:02.475+0000][0.247s] Heap Initial Capacity: 512M
[2022-10-03T12:14:02.476+0000][0.248s] Heap Max Capacity: 512M
[2022-10-03T12:14:02.477+0000][0.249s] Pre-touch: Enabled
[2022-10-03T12:14:02.478+0000][0.249s] Parallel Workers: 4
[2022-10-03T12:14:02.479+0000][0.251s] Concurrent Workers: 1
[2022-10-03T12:14:02.480+0000][0.251s] Concurrent Refinement Workers: 4
[2022-10-03T12:14:02.481+0000][0.252s] Periodic GC: Disabled
[2022-10-03T12:14:02.482+0000][0.254s] CDS archive(s) mapped at: [0x0000000800000000-0x0000000800a70000-0x0000000800a70000), size 10944512, SharedBaseAddress: 0x0000000800000000, ArchiveRelocationMode: 0.
[2022-10-03T12:14:02.483+0000][0.254s] Compressed class space mapped at: 0x0000000800c00000-0x0000000840c00000, reserved size: 1073741824
[2022-10-03T12:14:02.484+0000][0.255s] Narrow klass base: 0x0000000800000000, Narrow klass shift: 0, Narrow klass range: 0x100000000
[2022-10-03T12:14:02.855+0000][0.626s] GC(0) Pause Young (Normal) (G1 Evacuation Pause)
[2022-10-03T12:14:02.857+0000][0.628s] GC(0) Using 4 workers of 4 for evacuation
[2022-10-03T12:14:02.861+0000][0.632s] GC(0)   Pre Evacuate Collection Set: 0.1ms
[2022-10-03T12:14:02.862+0000][0.633s] GC(0)   Merge Heap Roots: 0.1ms
[2022-10-03T12:14:02.863+0000][0.634s] GC(0)   Evacuate Collection Set: 2.2ms
[2022-10-03T12:14:02.864+0000][0.636s] GC(0)   Post Evacuate Collection Set: 0.5ms
[2022-10-03T12:14:02.866+0000][0.637s] GC(0)   Other: 3.2ms
[2022-10-03T12:14:02.866+0000][0.637s] GC(0) Eden regions: 25->0(36)
[2022-10-03T12:14:02.868+0000][0.639s] GC(0) Survivor regions: 0->4(4)
[2022-10-03T12:14:02.868+0000][0.640s] GC(0) Old regions: 0->0
[2022-10-03T12:14:02.869+0000][0.640s] GC(0) Archive regions: 2->2
[2022-10-03T12:14:02.870+0000][0.642s] GC(0) Humongous regions: 0->0
[2022-10-03T12:14:02.871+0000][0.643s] GC(0) Metaspace: 8964K(9152K)->8964K(9152K) NonClass: 7872K(8000K)->7872K(8000K) Class: 1092K(1152K)->1092K(1152K)
[2022-10-03T12:14:02.872+0000][0.644s] GC(0) Pause Young (Normal) (G1 Evacuation Pause) 25M->4M(512M) 17.359ms
[2022-10-03T12:14:02.874+0000][0.645s] GC(0) User=0.01s Sys=0.01s Real=0.02s
[2022-10-03T12:14:03.178+0000][0.949s] GC(1) Pause Young (Normal) (G1 Evacuation Pause)
[2022-10-03T12:14:03.179+0000][0.951s] GC(1) Using 4 workers of 4 for evacuation
[2022-10-03T12:14:03.192+0000][0.963s] GC(1)   Pre Evacuate Collection Set: 0.1ms
[2022-10-03T12:14:03.193+0000][0.964s] GC(1)   Merge Heap Roots: 0.0ms
[2022-10-03T12:14:03.194+0000][0.966s] GC(1)   Evacuate Collection Set: 10.1ms
[2022-10-03T12:14:03.195+0000][0.966s] GC(1)   Post Evacuate Collection Set: 0.9ms
[2022-10-03T12:14:03.196+0000][0.968s] GC(1)   Other: 3.1ms
[2022-10-03T12:14:03.197+0000][0.969s] GC(1) Eden regions: 34->0(51)
[2022-10-03T12:14:03.198+0000][0.969s] GC(1) Survivor regions: 4->5(5)
[2022-10-03T12:14:03.199+0000][0.970s] GC(1) Old regions: 0->9
[2022-10-03T12:14:03.200+0000][0.971s] GC(1) Archive regions: 2->2
[2022-10-03T12:14:03.200+0000][0.972s] GC(1) Humongous regions: 4->4
[2022-10-03T12:14:03.202+0000][0.973s] GC(1) Metaspace: 15625K(15872K)->15625K(15872K) NonClass: 13716K(13824K)->13716K(13824K) Class: 1908K(2048K)->1908K(2048K)
[2022-10-03T12:14:03.203+0000][0.975s] GC(1) Pause Young (Normal) (G1 Evacuation Pause) 42M->17M(512M) 25.788ms
[2022-10-03T12:14:03.205+0000][0.976s] GC(1) User=0.03s Sys=0.00s Real=0.03s
[2022-10-03T12:14:03.413+0000][1.184s] GC(2) Pause Young (Normal) (G1 Evacuation Pause)
[2022-10-03T12:14:03.415+0000][1.186s] GC(2) Using 4 workers of 4 for evacuation
[2022-10-03T12:14:03.422+0000][1.193s] GC(2)   Pre Evacuate Collection Set: 0.3ms
[2022-10-03T12:14:03.423+0000][1.194s] GC(2)   Merge Heap Roots: 0.1ms
[2022-10-03T12:14:03.424+0000][1.196s] GC(2)   Evacuate Collection Set: 3.4ms
[2022-10-03T12:14:03.425+0000][1.197s] GC(2)   Post Evacuate Collection Set: 1.3ms
[2022-10-03T12:14:03.426+0000][1.197s] GC(2)   Other: 3.8ms
[2022-10-03T12:14:03.427+0000][1.198s] GC(2) Eden regions: 51->0(146)
[2022-10-03T12:14:03.427+0000][1.198s] GC(2) Survivor regions: 5->5(7)
[2022-10-03T12:14:03.428+0000][1.199s] GC(2) Old regions: 9->14
[2022-10-03T12:14:03.428+0000][1.200s] GC(2) Archive regions: 2->2
[2022-10-03T12:14:03.429+0000][1.200s] GC(2) Humongous regions: 4->4
[2022-10-03T12:14:03.429+0000][1.201s] GC(2) Metaspace: 20181K(20480K)->20181K(20480K) NonClass: 17793K(17984K)->17793K(17984K) Class: 2387K(2496K)->2387K(2496K)
[2022-10-03T12:14:03.430+0000][1.202s] GC(2) Pause Young (Normal) (G1 Evacuation Pause) 68M->23M(512M) 17.369ms
[2022-10-03T12:14:03.431+0000][1.203s] GC(2) User=0.01s Sys=0.00s Real=0.02s
[2022-10-03T12:14:03.456+0000][1.228s] GC(3) Pause Young (Concurrent Start) (Metadata GC Threshold)
[2022-10-03T12:14:03.458+0000][1.229s] GC(3) Using 4 workers of 4 for evacuation
[2022-10-03T12:14:03.462+0000][1.233s] GC(3)   Pre Evacuate Collection Set: 0.4ms
[2022-10-03T12:14:03.463+0000][1.234s] GC(3)   Merge Heap Roots: 0.1ms
[2022-10-03T12:14:03.464+0000][1.235s] GC(3)   Evacuate Collection Set: 1.3ms
[2022-10-03T12:14:03.465+0000][1.236s] GC(3)   Post Evacuate Collection Set: 0.3ms
[2022-10-03T12:14:03.466+0000][1.237s] GC(3)   Other: 3.3ms
[2022-10-03T12:14:03.467+0000][1.238s] GC(3) Eden regions: 7->0(302)
[2022-10-03T12:14:03.468+0000][1.239s] GC(3) Survivor regions: 5->5(19)
[2022-10-03T12:14:03.469+0000][1.240s] GC(3) Old regions: 14->14
[2022-10-03T12:14:03.470+0000][1.241s] GC(3) Archive regions: 2->2
[2022-10-03T12:14:03.471+0000][1.242s] GC(3) Humongous regions: 4->4
[2022-10-03T12:14:03.471+0000][1.242s] GC(3) Metaspace: 21266K(21504K)->21266K(21504K) NonClass: 18753K(18880K)->18753K(18880K) Class: 2513K(2624K)->2513K(2624K)
[2022-10-03T12:14:03.472+0000][1.243s] GC(3) Pause Young (Concurrent Start) (Metadata GC Threshold) 29M->22M(512M) 15.487ms
[2022-10-03T12:14:03.473+0000][1.244s] GC(3) User=0.00s Sys=0.00s Real=0.02s
[2022-10-03T12:14:03.473+0000][1.244s] GC(4) Concurrent Mark Cycle
[2022-10-03T12:14:03.475+0000][1.246s] GC(4) Concurrent Clear Claimed Marks
[2022-10-03T12:14:03.475+0000][1.247s] GC(4) Concurrent Clear Claimed Marks 0.555ms
[2022-10-03T12:14:03.476+0000][1.248s] GC(4) Concurrent Scan Root Regions
[2022-10-03T12:14:03.478+0000][1.249s] GC(4) Concurrent Scan Root Regions 1.533ms
[2022-10-03T12:14:03.478+0000][1.250s] GC(4) Concurrent Mark
[2022-10-03T12:14:03.479+0000][1.250s] GC(4) Concurrent Mark From Roots
[2022-10-03T12:14:03.480+0000][1.252s] GC(4) Using 1 workers of 1 for marking
[2022-10-03T12:14:03.494+0000][1.266s] GC(4) Concurrent Mark From Roots 15.379ms
[2022-10-03T12:14:03.496+0000][1.267s] GC(4) Concurrent Preclean
[2022-10-03T12:14:03.497+0000][1.269s] GC(4) Concurrent Preclean 1.274ms
[2022-10-03T12:14:03.499+0000][1.270s] GC(4) Pause Remark
[2022-10-03T12:14:03.502+0000][1.273s] GC(4) Pause Remark 27M->27M(512M) 2.803ms
[2022-10-03T12:14:03.503+0000][1.274s] GC(4) User=0.01s Sys=0.00s Real=0.01s
[2022-10-03T12:14:03.504+0000][1.275s] GC(4) Concurrent Mark 25.312ms
[2022-10-03T12:14:03.505+0000][1.276s] GC(4) Concurrent Rebuild Remembered Sets
[2022-10-03T12:14:03.515+0000][1.287s] GC(4) Concurrent Rebuild Remembered Sets 10.614ms
[2022-10-03T12:14:03.517+0000][1.288s] GC(4) Pause Cleanup
[2022-10-03T12:14:03.518+0000][1.290s] GC(4) Pause Cleanup 28M->28M(512M) 1.706ms
[2022-10-03T12:14:03.519+0000][1.290s] GC(4) User=0.00s Sys=0.01s Real=0.00s
[2022-10-03T12:14:03.520+0000][1.291s] GC(4) Concurrent Cleanup for Next Mark
[2022-10-03T12:14:03.525+0000][1.296s] GC(4) Concurrent Cleanup for Next Mark 4.662ms
[2022-10-03T12:14:03.526+0000][1.297s] GC(4) Concurrent Mark Cycle 52.981ms
[2022-10-03T12:14:04.766+0000][2.538s] GC(5) Pause Young (Concurrent Start) (Metadata GC Threshold)
[2022-10-03T12:14:04.768+0000][2.539s] GC(5) Using 4 workers of 4 for evacuation
[2022-10-03T12:14:04.775+0000][2.546s] GC(5)   Pre Evacuate Collection Set: 0.2ms
[2022-10-03T12:14:04.776+0000][2.547s] GC(5)   Merge Heap Roots: 0.2ms
[2022-10-03T12:14:04.777+0000][2.549s] GC(5)   Evacuate Collection Set: 5.1ms
[2022-10-03T12:14:04.779+0000][2.550s] GC(5)   Post Evacuate Collection Set: 0.7ms
[2022-10-03T12:14:04.779+0000][2.551s] GC(5)   Other: 2.4ms
[2022-10-03T12:14:04.780+0000][2.552s] GC(5) Eden regions: 151->0(295)
[2022-10-03T12:14:04.781+0000][2.553s] GC(5) Survivor regions: 5->12(39)
[2022-10-03T12:14:04.782+0000][2.553s] GC(5) Old regions: 14->14
[2022-10-03T12:14:04.783+0000][2.554s] GC(5) Archive regions: 2->2
[2022-10-03T12:14:04.784+0000][2.555s] GC(5) Humongous regions: 5->4
[2022-10-03T12:14:04.784+0000][2.555s] GC(5) Metaspace: 36778K(37056K)->36778K(37056K) NonClass: 32248K(32384K)->32248K(32384K) Class: 4530K(4672K)->4530K(4672K)
[2022-10-03T12:14:04.785+0000][2.556s] GC(5) Pause Young (Concurrent Start) (Metadata GC Threshold) 174M->30M(512M) 18.303ms
[2022-10-03T12:14:04.785+0000][2.556s] GC(5) User=0.03s Sys=0.01s Real=0.02s
[2022-10-03T12:14:04.786+0000][2.557s] GC(6) Concurrent Mark Cycle
[2022-10-03T12:14:04.786+0000][2.558s] GC(6) Concurrent Clear Claimed Marks
[2022-10-03T12:14:04.787+0000][2.559s] GC(6) Concurrent Clear Claimed Marks 0.876ms
[2022-10-03T12:14:04.788+0000][2.559s] GC(6) Concurrent Scan Root Regions
[2022-10-03T12:14:04.792+0000][2.564s] GC(6) Concurrent Scan Root Regions 4.375ms
[2022-10-03T12:14:04.793+0000][2.565s] GC(6) Concurrent Mark
[2022-10-03T12:14:04.794+0000][2.565s] GC(6) Concurrent Mark From Roots
[2022-10-03T12:14:04.795+0000][2.566s] GC(6) Using 1 workers of 1 for marking
[2022-10-03T12:14:04.808+0000][2.580s] GC(6) Concurrent Mark From Roots 14.211ms
[2022-10-03T12:14:04.810+0000][2.581s] GC(6) Concurrent Preclean
[2022-10-03T12:14:04.811+0000][2.582s] GC(6) Concurrent Preclean 0.884ms
[2022-10-03T12:14:04.812+0000][2.583s] GC(6) Pause Remark
[2022-10-03T12:14:04.815+0000][2.586s] GC(6) Pause Remark 35M->35M(512M) 3.525ms
[2022-10-03T12:14:04.816+0000][2.587s] GC(6) User=0.01s Sys=0.00s Real=0.00s
[2022-10-03T12:14:04.817+0000][2.588s] GC(6) Concurrent Mark 23.559ms
[2022-10-03T12:14:04.818+0000][2.589s] GC(6) Concurrent Rebuild Remembered Sets
[2022-10-03T12:14:04.825+0000][2.597s] GC(6) Concurrent Rebuild Remembered Sets 7.932ms
[2022-10-03T12:14:04.827+0000][2.598s] GC(6) Pause Cleanup
[2022-10-03T12:14:04.828+0000][2.599s] GC(6) Pause Cleanup 37M->37M(512M) 0.978ms
[2022-10-03T12:14:04.828+0000][2.600s] GC(6) User=0.00s Sys=0.00s Real=0.00s
[2022-10-03T12:14:04.829+0000][2.601s] GC(6) Concurrent Cleanup for Next Mark
[2022-10-03T12:14:04.831+0000][2.602s] GC(6) Concurrent Cleanup for Next Mark 1.550ms
[2022-10-03T12:14:04.832+0000][2.603s] GC(6) Concurrent Mark Cycle 45.766ms
[2022-10-03T12:17:35.190+0000][212.959s] Heap
[2022-10-03T12:17:35.192+0000][212.962s]  garbage-first heap   total 524288K, used 131464K [0x00000000e0000000, 0x0000000100000000)
[2022-10-03T12:17:35.194+0000][212.963s]   region size 1024K, 110 young (112640K), 12 survivors (12288K)
[2022-10-03T12:17:35.195+0000][212.965s]  Metaspace       used 44407K, committed 44864K, reserved 1089536K
[2022-10-03T12:17:35.196+0000][212.966s]   class space    used 5554K, committed 5824K, reserved 1048576K
